// Jest Snapshot v1, https://jestjs.io/docs/snapshot-testing

exports[`formTemplate renders FormTemplate unchanged 1`] = `
<div>
  <form
    class="rjsf"
  >
    <div
      class="form-group rjsf-field rjsf-field-object"
    >
      <fieldset
        id="root"
      >
        <legend
          id="root__title"
        >
          A registration form
        </legend>
        <div
          class="field-description"
          id="root__description"
        >
          A simple form example.
        </div>
        <div
          class="form-group rjsf-field rjsf-field-string"
        >
          <label
            class="control-label"
            for="root_firstName"
          >
            First name
            <span
              class="required"
            >
              *
            </span>
          </label>
          <div
            class="field-description"
            id="root_firstName__description"
          >
            <span
              data-testid="test-id-1"
            >
              Make text 
              <strong>
                bold
              </strong>
               or 
              <em>
                italic
              </em>
              . Take a look at other options 
              <a
                href="https://markdown-to-jsx.quantizor.dev/"
              >
                here
              </a>
              .
            </span>
          </div>
          <input
            aria-describedby="root_firstName__error root_firstName__description root_firstName__help"
            autocomplete="family-name"
            class="form-control"
            id="root_firstName"
            label="First name"
            name="root_firstName"
            placeholder="ui:emptyValue causes this field to always be valid despite being required"
            required=""
            type="text"
            value=""
          />
        </div>
        <div
          class="form-group rjsf-field rjsf-field-string"
        >
          <label
            class="control-label"
            for="root_lastName"
          >
            Last name
            <span
              class="required"
            >
              *
            </span>
          </label>
          <div
            class="field-description"
            id="root_lastName__description"
          >
            <span
              data-testid="test-id-1"
            >
              Make things 
              <strong>
                bold
              </strong>
               or 
              <em>
                italic
              </em>
              . Embed snippets of 
              <code>
                code
              </code>
              . &lt;small&gt;NOTE: Unsafe HTML, not rendered&lt;/small&gt; 
            </span>
          </div>
          <input
            aria-describedby="root_lastName__error root_lastName__description root_lastName__help"
            autocomplete="given-name"
            class="form-control"
            id="root_lastName"
            label="Last name"
            name="root_lastName"
            placeholder=""
            required=""
            type="text"
            value=""
          />
        </div>
        <div
          class="form-group rjsf-field rjsf-field-integer"
        >
          <label
            class="control-label"
            for="root_age"
          >
            Age of person
          </label>
          <div
            class="field-description"
            id="root_age__description"
          >
            (earth year)
          </div>
          <input
            aria-describedby="root_age__error root_age__description root_age__help"
            class="form-control"
            id="root_age"
            label="Age of person"
            name="root_age"
            placeholder=""
            type="number"
            value=""
          />
        </div>
        <div
          class="form-group rjsf-field rjsf-field-string"
        >
          <label
            class="control-label"
            for="root_bio"
          >
            Bio
          </label>
          <textarea
            aria-describedby="root_bio__error root_bio__description root_bio__help"
            class="form-control"
            id="root_bio"
            name="root_bio"
            placeholder=""
          />
        </div>
        <div
          class="form-group rjsf-field rjsf-field-string"
        >
          <label
            class="control-label"
            for="root_password"
          >
            Password
          </label>
          <input
            aria-describedby="root_password__error root_password__description root_password__help"
            class="form-control"
            id="root_password"
            label="Password"
            name="root_password"
            placeholder=""
            type="password"
            value=""
          />
          <div
            class="help-block"
            id="root_password__help"
          >
            Hint: Make it strong!
          </div>
        </div>
        <div
          class="form-group rjsf-field rjsf-field-string"
        >
          <label
            class="control-label"
            for="root_telephone"
          >
            Telephone
          </label>
          <input
            aria-describedby="root_telephone__error root_telephone__description root_telephone__help"
            class="form-control"
            id="root_telephone"
            label="Telephone"
            name="root_telephone"
            placeholder=""
            type="tel"
            value=""
          />
        </div>
      </fieldset>
    </div>
    <div
      class="MuiBox-root css-178yklu"
    >
      <button
        class="MuiButtonBase-root MuiButton-root MuiButton-contained MuiButton-sizeMedium MuiButton-colorPrimary css-74d805-MuiButtonBase-root-MuiButton-root"
        tabindex="0"
        type="submit"
      >
        Submit
      </button>
    </div>
  </form>
</div>
`;
