// Jest Snapshot v1, https://jestjs.io/docs/snapshot-testing

exports[`formTemplate renders FormTemplate unchanged 1`] = `
<div>
  <form
    class="rjsf"
  >
    <div
      class="rjsf-field rjsf-field-object"
    >
      <div
        class="MuiFormControl-root MuiFormControl-fullWidth css-ytlejw-MuiFormControl-root"
      >
        <div
          class="MuiBox-root css-636293"
          id="root__title"
        >
          <h5
            class="MuiTypography-root MuiTypography-h5 css-16xl4zq-MuiTypography-root"
          >
            A registration form
          </h5>
          <hr
            class="MuiDivider-root MuiDivider-fullWidth css-1jpc804-MuiDivider-root"
          />
        </div>
        <h6
          class="MuiTypography-root MuiTypography-subtitle2 css-11e1c99-MuiTypography-root"
          id="root__description"
        >
          A simple form example.
        </h6>
        <div
          class="MuiGrid-root MuiGrid-container MuiGrid-direction-xs-row MuiGrid-spacing-xs-2 css-ao16kd-MuiGrid-root"
        >
          <div
            class="MuiGrid-root MuiGrid-direction-xs-row MuiGrid-grid-xs-12 css-76f13t-MuiGrid-root"
          >
            <div
              class="rjsf-field rjsf-field-string"
            >
              <div
                class="MuiFormControl-root MuiFormControl-fullWidth css-ytlejw-MuiFormControl-root"
              >
                <div
                  aria-describedby="root_firstName__error root_firstName__description root_firstName__help"
                  class="MuiFormControl-root MuiTextField-root css-1xp5r68-MuiFormControl-root-MuiTextField-root"
                >
                  <label
                    class="MuiFormLabel-root MuiInputLabel-root MuiInputLabel-formControl MuiInputLabel-animated MuiInputLabel-shrink MuiInputLabel-outlined MuiFormLabel-colorPrimary Mui-focused Mui-required MuiInputLabel-root MuiInputLabel-formControl MuiInputLabel-animated MuiInputLabel-shrink MuiInputLabel-outlined css-113d811-MuiFormLabel-root-MuiInputLabel-root"
                    data-shrink="true"
                    for="root_firstName"
                    id="root_firstName-label"
                  >
                    First name
                    <span
                      aria-hidden="true"
                      class="MuiFormLabel-asterisk MuiInputLabel-asterisk css-1ljffdk-MuiFormLabel-asterisk"
                    >
                       
                      *
                    </span>
                  </label>
                  <div
                    class="MuiInputBase-root MuiOutlinedInput-root MuiInputBase-colorPrimary Mui-focused MuiInputBase-formControl css-quhxjy-MuiInputBase-root-MuiOutlinedInput-root"
                  >
                    <input
                      aria-invalid="false"
                      autocomplete="family-name"
                      class="MuiInputBase-input MuiOutlinedInput-input css-16wblaj-MuiInputBase-input-MuiOutlinedInput-input"
                      id="root_firstName"
                      name="root_firstName"
                      placeholder="ui:emptyValue causes this field to always be valid despite being required"
                      required=""
                      type="text"
                      value=""
                    />
                    <fieldset
                      aria-hidden="true"
                      class="MuiOutlinedInput-notchedOutline css-18p5xg2-MuiNotchedOutlined-root-MuiOutlinedInput-notchedOutline"
                    >
                      <legend
                        class="css-ex8a5f-MuiNotchedOutlined-root"
                      >
                        <span>
                          First name
                           
                          *
                        </span>
                      </legend>
                    </fieldset>
                  </div>
                </div>
                <span
                  class="MuiTypography-root MuiTypography-caption css-1jkzbat-MuiTypography-root"
                >
                  <h6
                    class="MuiTypography-root MuiTypography-subtitle2 css-11e1c99-MuiTypography-root"
                    id="root_firstName__description"
                  >
                    <span
                      data-testid="test-id-1"
                    >
                      Make text 
                      <strong>
                        bold
                      </strong>
                       or 
                      <em>
                        italic
                      </em>
                      . Take a look at other options 
                      <a
                        href="https://markdown-to-jsx.quantizor.dev/"
                      >
                        here
                      </a>
                      .
                    </span>
                  </h6>
                </span>
              </div>
            </div>
          </div>
          <div
            class="MuiGrid-root MuiGrid-direction-xs-row MuiGrid-grid-xs-12 css-76f13t-MuiGrid-root"
          >
            <div
              class="rjsf-field rjsf-field-string"
            >
              <div
                class="MuiFormControl-root MuiFormControl-fullWidth css-ytlejw-MuiFormControl-root"
              >
                <div
                  aria-describedby="root_lastName__error root_lastName__description root_lastName__help"
                  class="MuiFormControl-root MuiTextField-root css-1xp5r68-MuiFormControl-root-MuiTextField-root"
                >
                  <label
                    class="MuiFormLabel-root MuiInputLabel-root MuiInputLabel-formControl MuiInputLabel-animated MuiInputLabel-outlined MuiFormLabel-colorPrimary Mui-required MuiInputLabel-root MuiInputLabel-formControl MuiInputLabel-animated MuiInputLabel-outlined css-19qnlrw-MuiFormLabel-root-MuiInputLabel-root"
                    data-shrink="false"
                    for="root_lastName"
                    id="root_lastName-label"
                  >
                    Last name
                    <span
                      aria-hidden="true"
                      class="MuiFormLabel-asterisk MuiInputLabel-asterisk css-1ljffdk-MuiFormLabel-asterisk"
                    >
                       
                      *
                    </span>
                  </label>
                  <div
                    class="MuiInputBase-root MuiOutlinedInput-root MuiInputBase-colorPrimary MuiInputBase-formControl css-quhxjy-MuiInputBase-root-MuiOutlinedInput-root"
                  >
                    <input
                      aria-invalid="false"
                      autocomplete="given-name"
                      class="MuiInputBase-input MuiOutlinedInput-input css-16wblaj-MuiInputBase-input-MuiOutlinedInput-input"
                      id="root_lastName"
                      name="root_lastName"
                      placeholder=""
                      required=""
                      type="text"
                      value=""
                    />
                    <fieldset
                      aria-hidden="true"
                      class="MuiOutlinedInput-notchedOutline css-18p5xg2-MuiNotchedOutlined-root-MuiOutlinedInput-notchedOutline"
                    >
                      <legend
                        class="css-1n64csd-MuiNotchedOutlined-root"
                      >
                        <span>
                          Last name
                           
                          *
                        </span>
                      </legend>
                    </fieldset>
                  </div>
                </div>
                <span
                  class="MuiTypography-root MuiTypography-caption css-1jkzbat-MuiTypography-root"
                >
                  <h6
                    class="MuiTypography-root MuiTypography-subtitle2 css-11e1c99-MuiTypography-root"
                    id="root_lastName__description"
                  >
                    <span
                      data-testid="test-id-1"
                    >
                      Make things 
                      <strong>
                        bold
                      </strong>
                       or 
                      <em>
                        italic
                      </em>
                      . Embed snippets of 
                      <code>
                        code
                      </code>
                      . &lt;small&gt;NOTE: Unsafe HTML, not rendered&lt;/small&gt; 
                    </span>
                  </h6>
                </span>
              </div>
            </div>
          </div>
          <div
            class="MuiGrid-root MuiGrid-direction-xs-row MuiGrid-grid-xs-12 css-76f13t-MuiGrid-root"
          >
            <div
              class="rjsf-field rjsf-field-integer"
            >
              <div
                class="MuiFormControl-root MuiFormControl-fullWidth css-ytlejw-MuiFormControl-root"
              >
                <div
                  aria-describedby="root_age__error root_age__description root_age__help"
                  class="MuiFormControl-root MuiTextField-root css-1xp5r68-MuiFormControl-root-MuiTextField-root"
                >
                  <label
                    class="MuiFormLabel-root MuiInputLabel-root MuiInputLabel-formControl MuiInputLabel-animated MuiInputLabel-outlined MuiFormLabel-colorPrimary MuiInputLabel-root MuiInputLabel-formControl MuiInputLabel-animated MuiInputLabel-outlined css-19qnlrw-MuiFormLabel-root-MuiInputLabel-root"
                    data-shrink="false"
                    for="root_age"
                    id="root_age-label"
                  >
                    Age of person
                  </label>
                  <div
                    class="MuiInputBase-root MuiOutlinedInput-root MuiInputBase-colorPrimary MuiInputBase-formControl css-quhxjy-MuiInputBase-root-MuiOutlinedInput-root"
                  >
                    <input
                      aria-invalid="false"
                      class="MuiInputBase-input MuiOutlinedInput-input css-16wblaj-MuiInputBase-input-MuiOutlinedInput-input"
                      id="root_age"
                      name="root_age"
                      placeholder=""
                      type="number"
                      value=""
                    />
                    <fieldset
                      aria-hidden="true"
                      class="MuiOutlinedInput-notchedOutline css-18p5xg2-MuiNotchedOutlined-root-MuiOutlinedInput-notchedOutline"
                    >
                      <legend
                        class="css-1n64csd-MuiNotchedOutlined-root"
                      >
                        <span>
                          Age of person
                        </span>
                      </legend>
                    </fieldset>
                  </div>
                </div>
                <span
                  class="MuiTypography-root MuiTypography-caption css-1jkzbat-MuiTypography-root"
                >
                  <h6
                    class="MuiTypography-root MuiTypography-subtitle2 css-11e1c99-MuiTypography-root"
                    id="root_age__description"
                  >
                    (earth year)
                  </h6>
                </span>
              </div>
            </div>
          </div>
          <div
            class="MuiGrid-root MuiGrid-direction-xs-row MuiGrid-grid-xs-12 css-76f13t-MuiGrid-root"
          >
            <div
              class="rjsf-field rjsf-field-string"
            >
              <div
                class="MuiFormControl-root MuiFormControl-fullWidth css-ytlejw-MuiFormControl-root"
              >
                <div
                  aria-describedby="root_bio__error root_bio__description root_bio__help"
                  class="MuiFormControl-root MuiTextField-root css-1xp5r68-MuiFormControl-root-MuiTextField-root"
                >
                  <label
                    class="MuiFormLabel-root MuiInputLabel-root MuiInputLabel-formControl MuiInputLabel-animated MuiInputLabel-outlined MuiFormLabel-colorPrimary MuiInputLabel-root MuiInputLabel-formControl MuiInputLabel-animated MuiInputLabel-outlined css-19qnlrw-MuiFormLabel-root-MuiInputLabel-root"
                    data-shrink="false"
                    for="root_bio"
                    id="root_bio-label"
                  >
                    Bio
                  </label>
                  <div
                    class="MuiInputBase-root MuiOutlinedInput-root MuiInputBase-colorPrimary MuiInputBase-formControl MuiInputBase-multiline css-xrmkj5-MuiInputBase-root-MuiOutlinedInput-root"
                  >
                    <textarea
                      aria-invalid="false"
                      class="MuiInputBase-input MuiOutlinedInput-input css-w4nesw-MuiInputBase-input-MuiOutlinedInput-input"
                      id="root_bio"
                      name="root_bio"
                      placeholder=""
                      rows="5"
                      style="height: 0px; overflow: hidden;"
                    />
                    <textarea
                      aria-hidden="true"
                      class="MuiInputBase-input MuiOutlinedInput-input css-w4nesw-MuiInputBase-input-MuiOutlinedInput-input"
                      readonly=""
                      style="visibility: hidden; position: absolute; overflow: hidden; height: 0px; top: 0px; left: 0px; transform: translateZ(0); padding-top: 0px; padding-bottom: 0px; width: 100%;"
                      tabindex="-1"
                    />
                    <fieldset
                      aria-hidden="true"
                      class="MuiOutlinedInput-notchedOutline css-18p5xg2-MuiNotchedOutlined-root-MuiOutlinedInput-notchedOutline"
                    >
                      <legend
                        class="css-1n64csd-MuiNotchedOutlined-root"
                      >
                        <span>
                          Bio
                        </span>
                      </legend>
                    </fieldset>
                  </div>
                </div>
              </div>
            </div>
          </div>
          <div
            class="MuiGrid-root MuiGrid-direction-xs-row MuiGrid-grid-xs-12 css-76f13t-MuiGrid-root"
          >
            <div
              class="rjsf-field rjsf-field-string"
            >
              <div
                class="MuiFormControl-root MuiFormControl-fullWidth css-ytlejw-MuiFormControl-root"
              >
                <div
                  aria-describedby="root_password__error root_password__description root_password__help"
                  class="MuiFormControl-root MuiTextField-root css-1xp5r68-MuiFormControl-root-MuiTextField-root"
                >
                  <label
                    class="MuiFormLabel-root MuiInputLabel-root MuiInputLabel-formControl MuiInputLabel-animated MuiInputLabel-outlined MuiFormLabel-colorPrimary MuiInputLabel-root MuiInputLabel-formControl MuiInputLabel-animated MuiInputLabel-outlined css-19qnlrw-MuiFormLabel-root-MuiInputLabel-root"
                    data-shrink="false"
                    for="root_password"
                    id="root_password-label"
                  >
                    Password
                  </label>
                  <div
                    class="MuiInputBase-root MuiOutlinedInput-root MuiInputBase-colorPrimary MuiInputBase-formControl css-quhxjy-MuiInputBase-root-MuiOutlinedInput-root"
                  >
                    <input
                      aria-invalid="false"
                      class="MuiInputBase-input MuiOutlinedInput-input css-16wblaj-MuiInputBase-input-MuiOutlinedInput-input"
                      id="root_password"
                      name="root_password"
                      placeholder=""
                      type="password"
                      value=""
                    />
                    <fieldset
                      aria-hidden="true"
                      class="MuiOutlinedInput-notchedOutline css-18p5xg2-MuiNotchedOutlined-root-MuiOutlinedInput-notchedOutline"
                    >
                      <legend
                        class="css-1n64csd-MuiNotchedOutlined-root"
                      >
                        <span>
                          Password
                        </span>
                      </legend>
                    </fieldset>
                  </div>
                </div>
                <div
                  class="MuiFormHelperText-root MuiFormHelperText-sizeMedium MuiFormHelperText-contained css-1uxggs7-MuiFormHelperText-root"
                  id="root_password__help"
                >
                  Hint: Make it strong!
                </div>
              </div>
            </div>
          </div>
          <div
            class="MuiGrid-root MuiGrid-direction-xs-row MuiGrid-grid-xs-12 css-76f13t-MuiGrid-root"
          >
            <div
              class="rjsf-field rjsf-field-string"
            >
              <div
                class="MuiFormControl-root MuiFormControl-fullWidth css-ytlejw-MuiFormControl-root"
              >
                <div
                  aria-describedby="root_telephone__error root_telephone__description root_telephone__help"
                  class="MuiFormControl-root MuiTextField-root css-1xp5r68-MuiFormControl-root-MuiTextField-root"
                >
                  <label
                    class="MuiFormLabel-root MuiInputLabel-root MuiInputLabel-formControl MuiInputLabel-animated MuiInputLabel-outlined MuiFormLabel-colorPrimary MuiInputLabel-root MuiInputLabel-formControl MuiInputLabel-animated MuiInputLabel-outlined css-19qnlrw-MuiFormLabel-root-MuiInputLabel-root"
                    data-shrink="false"
                    for="root_telephone"
                    id="root_telephone-label"
                  >
                    Telephone
                  </label>
                  <div
                    class="MuiInputBase-root MuiOutlinedInput-root MuiInputBase-colorPrimary MuiInputBase-formControl css-quhxjy-MuiInputBase-root-MuiOutlinedInput-root"
                  >
                    <input
                      aria-invalid="false"
                      class="MuiInputBase-input MuiOutlinedInput-input css-16wblaj-MuiInputBase-input-MuiOutlinedInput-input"
                      id="root_telephone"
                      name="root_telephone"
                      placeholder=""
                      type="tel"
                      value=""
                    />
                    <fieldset
                      aria-hidden="true"
                      class="MuiOutlinedInput-notchedOutline css-18p5xg2-MuiNotchedOutlined-root-MuiOutlinedInput-notchedOutline"
                    >
                      <legend
                        class="css-1n64csd-MuiNotchedOutlined-root"
                      >
                        <span>
                          Telephone
                        </span>
                      </legend>
                    </fieldset>
                  </div>
                </div>
              </div>
            </div>
          </div>
        </div>
      </div>
    </div>
    <div
      class="MuiBox-root css-178yklu"
    >
      <button
        class="MuiButtonBase-root MuiButton-root MuiButton-contained MuiButton-sizeMedium MuiButton-colorPrimary css-74d805-MuiButtonBase-root-MuiButton-root"
        tabindex="0"
        type="submit"
      >
        Submit
      </button>
    </div>
  </form>
</div>
`;
