// Jest Snapshot v1, https://jestjs.io/docs/snapshot-testing

exports[`Page renders homepage unchanged 1`] = `
<div>
  <h1>
    Hello world -- 
    zisqodowlqvetmuftrbcecsnftwdypldvvnfbonexlwrjrlzwgybmgbyxpmweckbetqjqfgrpykducbxltemdfgnetuifrztnnkq
  </h1>
  <svg
    preserveAspectRatio="xMidYMid meet"
    style="transform-origin: center; transform-box: fill-box;"
    width="24"
  />
</div>
`;
